// Jest Snapshot v1, https://goo.gl/fbAQLP

exports[`App snapshot renders the loading screen 1`] = `null`;

exports[`App snapshot renders the root without loading screen 1`] = `
<View
  style={
    Object {
      "backgroundColor": "#fff",
      "flex": 1,
    }
  }
>
  <View
    style={
      Object {
        "flex": 1,
        "overflow": "hidden",
      }
    }
  >
    <View
      style={
        Object {
          "flex": 1,
        }
      }
    >
      <View
        collapsable={false}
        pointerEvents="auto"
        removeClippedSubviews={false}
        style={
          Array [
            Object {
              "flex": 1,
              "overflow": "hidden",
            },
            Array [
              Object {
                "bottom": 0,
                "left": 0,
                "position": "absolute",
                "right": 0,
                "top": 0,
              },
              Object {
                "opacity": 1,
              },
            ],
          ]
        }
      >
        <View
          style={
            Object {
              "flex": 1,
            }
          }
        >
          <View
            onLayout={[Function]}
            style={
              Object {
                "flex": 1,
              }
            }
          >
            <View
              onMoveShouldSetResponder={[Function]}
              onMoveShouldSetResponderCapture={[Function]}
              onResponderEnd={[Function]}
              onResponderGrant={[Function]}
              onResponderMove={[Function]}
              onResponderReject={[Function]}
              onResponderRelease={[Function]}
              onResponderStart={[Function]}
              onResponderTerminate={[Function]}
              onResponderTerminationRequest={[Function]}
              onStartShouldSetResponder={[Function]}
              onStartShouldSetResponderCapture={[Function]}
              style={
                Array [
                  Object {
                    "flex": 1,
                    "flexDirection": "column-reverse",
                    "overflow": "hidden",
                  },
                  Object {
                    "backgroundColor": "#000",
                  },
                ]
              }
            >
              <View
                style={
                  Object {
                    "flex": 1,
                  }
                }
              >
                <View
                  accessibilityElementsHidden={false}
                  pointerEvents="auto"
                  style={
                    Object {
                      "backgroundColor": "#E9E9EF",
                      "bottom": 0,
                      "left": 0,
                      "opacity": 1,
                      "paddingTop": 0,
                      "position": "absolute",
                      "right": 0,
                      "shadowColor": "black",
                      "shadowOffset": Object {
                        "height": 0,
                        "width": 0,
                      },
                      "shadowOpacity": 0.2,
                      "shadowRadius": 5,
                      "top": 0,
                      "transform": Array [
                        Object {
                          "translateX": 0,
                        },
                        Object {
                          "translateY": 0,
                        },
                      ],
                    }
                  }
                >
                  <View
                    style={
                      Object {
                        "backgroundColor": "#fff",
                        "flex": 1,
                      }
                    }
                  >
                    <RCTScrollView
                      contentContainerStyle={
                        Object {
                          "paddingTop": 30,
                        }
                      }
                      style={
                        Object {
                          "backgroundColor": "#fff",
                          "flex": 1,
                        }
                      }
                    >
                      <View>
                        <View
                          style={
                            Object {
                              "alignItems": "center",
                              "marginBottom": 20,
                              "marginTop": 10,
                            }
                          }
                        >
                          <Image
                            source={1}
                            style={
                              Object {
                                "height": 80,
                                "marginLeft": -10,
                                "marginTop": 3,
                                "resizeMode": "contain",
                                "width": 100,
                              }
                            }
                          />
                        </View>
                        <View
                          style={
                            Object {
                              "alignItems": "center",
                              "marginHorizontal": 50,
                            }
                          }
                        >
                          <Text
                            style={
                              Object {
                                "color": "rgba(0,0,0,0.4)",
                                "fontSize": 14,
                                "lineHeight": 19,
                                "marginBottom": 20,
                                "textAlign": "center",
                              }
                            }
                          >
                            Development mode is enabled, your app will be slower but you can use useful development tools. 
                            <Text
                              onPress={[Function]}
                              style={
                                Object {
                                  "color": "#2e78b7",
                                  "fontSize": 14,
                                }
                              }
                            >
                              Learn more
                            </Text>
                          </Text>
                          <Text
                            style={
                              Object {
                                "color": "rgba(96,100,109, 1)",
                                "fontSize": 17,
                                "lineHeight": 24,
                                "textAlign": "center",
                              }
                            }
                          >
                            Get started by opening
                          </Text>
                          <View
                            style={
                              Array [
                                Object {
                                  "backgroundColor": "rgba(0,0,0,0.05)",
                                  "borderRadius": 3,
                                  "paddingHorizontal": 4,
                                },
                                Object {
                                  "marginVertical": 7,
                                },
                              ]
                            }
                          >
                            <Text
                              style={
                                Array [
                                  Object {
                                    "color": "rgba(96,100,109, 0.8)",
                                  },
                                  Object {
                                    "fontFamily": "space-mono",
                                  },
                                ]
                              }
                            >
                              screens/HomeScreen.js
                            </Text>
                          </View>
                          <Text
                            style={
                              Object {
                                "color": "rgba(96,100,109, 1)",
                                "fontSize": 17,
                                "lineHeight": 24,
                                "textAlign": "center",
                              }
                            }
                          >
                            Change this text and your app will automatically reload.
                          </Text>
                        </View>
                        <View
                          style={
                            Object {
                              "alignItems": "center",
                              "marginTop": 15,
                            }
                          }
                        >
                          <View
                            accessible={true}
                            isTVSelectable={true}
                            onResponderGrant={[Function]}
                            onResponderMove={[Function]}
                            onResponderRelease={[Function]}
                            onResponderTerminate={[Function]}
                            onResponderTerminationRequest={[Function]}
                            onStartShouldSetResponder={[Function]}
                            style={
                              Object {
                                "opacity": 1,
                                "paddingVertical": 15,
                              }
                            }
                          >
                            <Text
                              style={
                                Object {
                                  "color": "#2e78b7",
                                  "fontSize": 14,
                                }
                              }
                            >
                              Help, it didn’t automatically reload!
                            </Text>
                          </View>
                        </View>
                      </View>
                    </RCTScrollView>
                    <View
                      style={
                        Object {
                          "alignItems": "center",
                          "backgroundColor": "#fbfbfb",
                          "bottom": 0,
                          "left": 0,
                          "paddingVertical": 20,
                          "position": "absolute",
                          "right": 0,
                          "shadowColor": "black",
                          "shadowOffset": Object {
                            "height": -3,
                          },
                          "shadowOpacity": 0.1,
                          "shadowRadius": 3,
                        }
                      }
                    >
                      <Text
                        style={
                          Object {
                            "color": "rgba(96,100,109, 1)",
                            "fontSize": 17,
                            "textAlign": "center",
                          }
                        }
                      >
                        This is a tab bar. You can edit it in:
                      </Text>
                      <View
                        style={
                          Array [
                            Object {
                              "backgroundColor": "rgba(0,0,0,0.05)",
                              "borderRadius": 3,
                              "paddingHorizontal": 4,
                            },
                            Object {
                              "marginTop": 5,
                            },
                          ]
                        }
                      >
                        <Text
                          style={
                            Array [
                              Object {
                                "color": "rgba(96,100,109, 0.8)",
                              },
                              Object {
                                "fontFamily": "space-mono",
                              },
                            ]
                          }
                        >
                          navigation/MainTabNavigator.js
                        </Text>
                      </View>
                    </View>
                  </View>
                </View>
              </View>
              <View
                onLayout={[Function]}
                pointerEvents="box-none"
                style={
                  Object {
                    "left": 0,
                    "position": "absolute",
                    "right": 0,
                    "top": 0,
                  }
                }
              >
                <View
                  style={
                    Object {
                      "backgroundColor": "#FFF",
                      "transform": Array [
                        Object {
                          "translateX": -750,
                        },
                      ],
                    }
                  }
                >
                  <View
                    onLayout={[Function]}
                    pointerEvents="box-none"
                    style={
                      Object {
                        "backgroundColor": "#FFF",
                        "borderBottomColor": "#A7A7AA",
                        "borderBottomWidth": 0.5,
                        "height": 64,
                        "paddingBottom": 0,
                        "paddingLeft": 0,
                        "paddingRight": 0,
                        "paddingTop": 20,
                      }
                    }
                  >
                    <View
                      style={
                        Object {
                          "flex": 1,
                        }
                      }
                    />
                  </View>
                </View>
              </View>
            </View>
          </View>
        </View>
      </View>
    </View>
    <View
      onLayout={[Function]}
      pointerEvents="box-none"
      style={
        Object {
          "backgroundColor": "#fff",
          "borderTopColor": "rgba(0, 0, 0, .3)",
          "borderTopWidth": 0.5,
          "flexDirection": "row",
          "height": 49,
          "paddingBottom": 0,
          "paddingLeft": 0,
          "paddingRight": 0,
          "paddingTop": 0,
        }
      }
    >
      <View
        accessibilityLabel="Home"
        accessible={true}
        onResponderGrant={[Function]}
        onResponderMove={[Function]}
        onResponderRelease={[Function]}
        onResponderTerminate={[Function]}
        onResponderTerminationRequest={[Function]}
        onStartShouldSetResponder={[Function]}
        style={
          Array [
            Object {
              "alignItems": "center",
              "flex": 1,
            },
            Object {
              "backgroundColor": "transparent",
            },
            Object {
              "flexDirection": "column",
              "justifyContent": "flex-end",
            },
            undefined,
          ]
        }
      >
        <View
          style={
            Array [
              Object {
                "height": 29,
              },
              false,
              Object {
                "flex": 1,
              },
            ]
          }
        >
          <View
            style={
              Object {
                "alignItems": "center",
                "alignSelf": "center",
                "height": "100%",
                "justifyContent": "center",
                "minWidth": 25,
                "opacity": 1,
                "position": "absolute",
                "width": "100%",
              }
            }
          >
            <Text
              allowFontScaling={false}
              style={
                Array [
                  Object {
                    "color": "#2f95dc",
                    "fontSize": 26,
                  },
                  Object {
                    "marginBottom": -3,
                  },
                  Object {
                    "fontFamily": "ionicons",
                    "fontStyle": "normal",
                    "fontWeight": "normal",
                  },
                  Object {},
                ]
              }
            >
              
            </Text>
          </View>
          <View
            style={
              Object {
                "alignItems": "center",
                "alignSelf": "center",
                "height": "100%",
                "justifyContent": "center",
                "minWidth": 25,
                "opacity": 0,
                "position": "absolute",
                "width": "100%",
              }
            }
          >
            <Text
              allowFontScaling={false}
              style={
                Array [
                  Object {
                    "color": "#ccc",
                    "fontSize": 26,
                  },
                  Object {
                    "marginBottom": -3,
                  },
                  Object {
                    "fontFamily": "ionicons",
                    "fontStyle": "normal",
                    "fontWeight": "normal",
                  },
                  Object {},
                ]
              }
            >
              
            </Text>
          </View>
        </View>
        <Text
          allowFontScaling={true}
          numberOfLines={1}
          style={
            Object {
              "backgroundColor": "transparent",
              "color": "#3478f6",
              "fontSize": 11,
              "marginBottom": 1.5,
              "textAlign": "center",
            }
          }
        >
          Home
        </Text>
      </View>
      <View
        accessibilityLabel="Links"
        accessible={true}
        onResponderGrant={[Function]}
        onResponderMove={[Function]}
        onResponderRelease={[Function]}
        onResponderTerminate={[Function]}
        onResponderTerminationRequest={[Function]}
        onStartShouldSetResponder={[Function]}
        style={
          Array [
            Object {
              "alignItems": "center",
              "flex": 1,
            },
            Object {
              "backgroundColor": "transparent",
            },
            Object {
              "flexDirection": "column",
              "justifyContent": "flex-end",
            },
            undefined,
          ]
        }
      >
        <View
          style={
            Array [
              Object {
                "height": 29,
              },
              false,
              Object {
                "flex": 1,
              },
            ]
          }
        >
          <View
            style={
              Object {
                "alignItems": "center",
                "alignSelf": "center",
                "height": "100%",
                "justifyContent": "center",
                "minWidth": 25,
                "opacity": 0,
                "position": "absolute",
                "width": "100%",
              }
            }
          >
            <Text
              allowFontScaling={false}
              style={
                Array [
                  Object {
                    "color": "#2f95dc",
                    "fontSize": 26,
                  },
                  Object {
                    "marginBottom": -3,
                  },
                  Object {
                    "fontFamily": "ionicons",
                    "fontStyle": "normal",
                    "fontWeight": "normal",
                  },
                  Object {},
                ]
              }
            >
              
            </Text>
          </View>
          <View
            style={
              Object {
                "alignItems": "center",
                "alignSelf": "center",
                "height": "100%",
                "justifyContent": "center",
                "minWidth": 25,
                "opacity": 1,
                "position": "absolute",
                "width": "100%",
              }
            }
          >
            <Text
              allowFontScaling={false}
              style={
                Array [
                  Object {
                    "color": "#ccc",
                    "fontSize": 26,
                  },
                  Object {
                    "marginBottom": -3,
                  },
                  Object {
                    "fontFamily": "ionicons",
                    "fontStyle": "normal",
                    "fontWeight": "normal",
                  },
                  Object {},
                ]
              }
            >
              
            </Text>
          </View>
        </View>
        <Text
          allowFontScaling={true}
          numberOfLines={1}
          style={
            Object {
              "backgroundColor": "transparent",
              "color": "#929292",
              "fontSize": 11,
              "marginBottom": 1.5,
              "textAlign": "center",
            }
          }
        >
          Links
        </Text>
      </View>
      <View
        accessibilityLabel="Settings"
        accessible={true}
        onResponderGrant={[Function]}
        onResponderMove={[Function]}
        onResponderRelease={[Function]}
        onResponderTerminate={[Function]}
        onResponderTerminationRequest={[Function]}
        onStartShouldSetResponder={[Function]}
        style={
          Array [
            Object {
              "alignItems": "center",
              "flex": 1,
            },
            Object {
              "backgroundColor": "transparent",
            },
            Object {
              "flexDirection": "column",
              "justifyContent": "flex-end",
            },
            undefined,
          ]
        }
      >
        <View
          style={
            Array [
              Object {
                "height": 29,
              },
              false,
              Object {
                "flex": 1,
              },
            ]
          }
        >
          <View
            style={
              Object {
                "alignItems": "center",
                "alignSelf": "center",
                "height": "100%",
                "justifyContent": "center",
                "minWidth": 25,
                "opacity": 0,
                "position": "absolute",
                "width": "100%",
              }
            }
          >
            <Text
              allowFontScaling={false}
              style={
                Array [
                  Object {
                    "color": "#2f95dc",
                    "fontSize": 26,
                  },
                  Object {
                    "marginBottom": -3,
                  },
                  Object {
                    "fontFamily": "ionicons",
                    "fontStyle": "normal",
                    "fontWeight": "normal",
                  },
                  Object {},
                ]
              }
            >
              
            </Text>
          </View>
          <View
            style={
              Object {
                "alignItems": "center",
                "alignSelf": "center",
                "height": "100%",
                "justifyContent": "center",
                "minWidth": 25,
                "opacity": 1,
                "position": "absolute",
                "width": "100%",
              }
            }
          >
            <Text
              allowFontScaling={false}
              style={
                Array [
                  Object {
                    "color": "#ccc",
                    "fontSize": 26,
                  },
                  Object {
                    "marginBottom": -3,
                  },
                  Object {
                    "fontFamily": "ionicons",
                    "fontStyle": "normal",
                    "fontWeight": "normal",
                  },
                  Object {},
                ]
              }
            >
              
            </Text>
          </View>
        </View>
        <Text
          allowFontScaling={true}
          numberOfLines={1}
          style={
            Object {
              "backgroundColor": "transparent",
              "color": "#929292",
              "fontSize": 11,
              "marginBottom": 1.5,
              "textAlign": "center",
            }
          }
        >
          Settings
        </Text>
      </View>
    </View>
  </View>
</View>
`;
